---
source: tests/topic.rs
expression: topic
---
Topic {
    author: Scheduled,
    comment_total: 100,
    content: Text(
        "<p>Scheduled Topic Text</p>",
    ),
    group: "~group.recurring",
    id: "789",
    is_locked: false,
    is_official: false,
    posted_date: 2022-12-16T17:26:03+00:00,
    tags: [
        "recurring.weekly",
    ],
    vote_count: 50,
}
